---
source: dcmfx_cli/tests/list.rs
expression: get_stderr(assert)
snapshot_kind: text
---
Error: IO error for operation on missing-directory: The system cannot find the file specified. (os error 2)
