---
source: dcmfx_cli/tests/list.rs
expression: get_stderr(assert)
snapshot_kind: text
---
IO error for operation on missing-directory: No such file or directory (os error 2)
Error: ()
