---
source: dcmfx_cli\\tests\\list.rs
expression: "lines.join(\"\\n\")"
---
{"data_set":{"00020010":{"Value":["1.2.840.10008.1.2.4.70"],"vr":"UI"},"00080018":{"Value":["999.999.01.23.45.6789"],"vr":"UI"}},"path":"..\\..\\..\\test\\assets\\fo-dicom\\CR-ModalitySequenceLUT.dcm","size":1261500}
{"data_set":{"00020010":{"Value":["1.2.840.10008.1.2"],"vr":"UI"},"00080018":{"Value":["1.2.840.113619.2.1.2411.1031152382.365.1.736169244"],"vr":"UI"}},"path":"..\\..\\..\\test\\assets\\fo-dicom\\CT-MONO2-16-ankle.dcm","size":525436}
{"data_set":{"00020010":{"Value":["1.2.840.10008.1.2.4.91"],"vr":"UI"},"00080018":{"Value":["1.3.6.1.4.1.5962.1.1.1.1.3.20040826185059.5457"],"vr":"UI"}},"path":"..\\..\\..\\test\\assets\\fo-dicom\\CT1_J2KI.dcm","size":14156}
{"data_set":{"00020010":{"Value":["1.2.840.10008.1.2.1"],"vr":"UI"}},"path":"..\\..\\..\\test\\assets\\fo-dicom\\DICOMDIR.dcm","size":13796}
{"data_set":{"00020010":{"Value":["1.2.840.10008.1.2.5"],"vr":"UI"},"00080018":{"Value":["1.2.276.0.7230010.3.1.4.1787205428.2345.1071048146.1"],"vr":"UI"}},"path":"..\\..\\..\\test\\assets\\fo-dicom\\D_CLUNIE_CT1_RLE_FRAGS.dcm","size":254932}
{"data_set":{"00020010":{"Value":["1.2.840.10008.1.2.4.90"],"vr":"UI"},"00080018":{"Value":["1.3.46.670589.11.30069.5.0.7684.2012100810592485026"],"vr":"UI"}},"path":"..\\..\\..\\test\\assets\\fo-dicom\\GH064.dcm","size":58050}
{"data_set":{"00020010":{"Value":["1.2.840.10008.1.2.1"],"vr":"UI"},"00080018":{"Value":["1.3.6.1.4.1.23438.1.1.1"],"vr":"UI"}},"path":"..\\..\\..\\test\\assets\\fo-dicom\\GH1146.dcm","size":2124}
{"data_set":{"00020010":{"Value":["1.2.840.10008.1.2.4.70"],"vr":"UI"},"00080018":{"Value":["1.3.12.2.1107.5.2.18.141322.2021102716024849166101917"],"vr":"UI"}},"path":"..\\..\\..\\test\\assets\\fo-dicom\\GH1261.dcm","size":127134}
{"data_set":{"00020010":{"Value":["1.2.840.10008.1.2.1"],"vr":"UI"},"00080018":{"Value":["1.2.840.113619.2.278.3.2831211625.765.1467068744.557.1"],"vr":"UI"}},"path":"..\\..\\..\\test\\assets\\fo-dicom\\GH1308.dcm","size":528304}
{"data_set":{"00020010":{"Value":["1.2.840.10008.1.2.1"],"vr":"UI"},"00080018":{"Value":["1.2.276.0.7230010.3.1.4.1787205428.2345.1071048146.1"],"vr":"UI"}},"path":"..\\..\\..\\test\\assets\\fo-dicom\\GH177_D_CLUNIE_CT1_IVRLE_BigEndian_ELE_undefinded_length.dcm","size":530836}
{"data_set":{"00020010":{"Value":["1.2.840.10008.1.2.1"],"vr":"UI"},"00080018":{"Value":["1.2.840.113619.2.284.3.17442826.413.1388989542.640"],"vr":"UI"}},"path":"..\\..\\..\\test\\assets\\fo-dicom\\GH178.dcm","size":2832}
{"data_set":{"00020010":{"Value":["1.2.840.10008.1.2.4.70"],"vr":"UI"},"00080018":{"Value":["1.2.840.113619.2.131.9999.1414055098.834573"],"vr":"UI"}},"path":"..\\..\\..\\test\\assets\\fo-dicom\\GH184.dcm","size":20542}
{"data_set":{"00020010":{"Value":["1.2.840.10008.1.2.1"],"vr":"UI"},"00080018":{"Value":["1.3.46.670589.5.2.23.345326017.1443168717.817000"],"vr":"UI"}},"path":"..\\..\\..\\test\\assets\\fo-dicom\\GH220.dcm","size":454}
{"data_set":{"00020010":{"Value":["1.2.840.10008.1.2.1"],"vr":"UI"},"00080018":{"Value":["1.2.840.113704.7.1.1.1096.1405167825.3"],"vr":"UI"}},"path":"..\\..\\..\\test\\assets\\fo-dicom\\GH223.dcm","size":702}
{"data_set":{"00020010":{"Value":["1.2.840.10008.1.2.1"],"vr":"UI"},"00080018":{"Value":["1.2.840.113704.7.1.1.4628.1471586522.1"],"vr":"UI"}},"path":"..\\..\\..\\test\\assets\\fo-dicom\\GH342.dcm","size":558222}
{"data_set":{"00020010":{"Value":["1.2.840.10008.1.2"],"vr":"UI"},"00080018":{"Value":["1.2.840.113619.2.1.2411.1031152382.365.1.736169244"],"vr":"UI"}},"path":"..\\..\\..\\test\\assets\\fo-dicom\\GH355.dcm","size":525436}
{"data_set":{"00020010":{"Value":["1.2.840.10008.1.2.1"],"vr":"UI"},"00080018":{"Value":["1.2.840.113704.7.1.1.1096.1405167825.3"],"vr":"UI"}},"path":"..\\..\\..\\test\\assets\\fo-dicom\\GH487.dcm","size":532}
{"data_set":{"00020010":{"Value":["1.2.840.10008.1.2.4.50"],"vr":"UI"},"00080018":{"Value":["1.2.840.114257.1.2052012.223430.1.1.1"],"vr":"UI"}},"path":"..\\..\\..\\test\\assets\\fo-dicom\\GH538-jpeg1.dcm","size":74990}
{"data_set":{"00020010":{"Value":["1.2.840.10008.1.2.4.70"],"vr":"UI"},"00080018":{"Value":["1.2.840.114257.1.2052012.223430.1.1.1"],"vr":"UI"}},"path":"..\\..\\..\\test\\assets\\fo-dicom\\GH538-jpeg14sv1.dcm","size":257386}
{"data_set":{"00020010":{"Value":["1.2.840.10008.1.2.4.70"],"vr":"UI"},"00080018":{"Value":["2.25.89777478827044822836324961030278044139"],"vr":"UI"}},"path":"..\\..\\..\\test\\assets\\fo-dicom\\GH610.dcm","size":21418}
{"data_set":{"00020010":{"Value":["1.2.840.10008.1.2.4.50"],"vr":"UI"},"00080018":{"Value":["1.3.12.2.1107.5.4.3.321890.19960124.162922.29"],"vr":"UI"}},"path":"..\\..\\..\\test\\assets\\fo-dicom\\HasFragmentSequence.dcm","size":1702398}
{"data_set":{"00020010":{"Value":["1.2.840.10008.1.2.4.70"],"vr":"UI"},"00080018":{"Value":["2.25.44560609591400411644866468191385676015"],"vr":"UI"}},"path":"..\\..\\..\\test\\assets\\fo-dicom\\IM-0001-0001-0001.dcm","size":203304}
{"data_set":{"00020010":{"Value":["1.2.840.10008.1.2.1.99"],"vr":"UI"},"00080018":{"Value":["2.25.136974863480823945689143806729576394254"],"vr":"UI"}},"path":"..\\..\\..\\test\\assets\\fo-dicom\\Issue1097_FailToOpenDeflatedFileWithSQ.dcm","size":553}
{"data_set":{"00020010":{"Value":["1.2.840.10008.1.2.4.50"],"vr":"UI"},"00080018":{"Value":["1.3.6.1.4.1.29228.100.3129386847.638059348027943211.3.1"],"vr":"UI"}},"path":"..\\..\\..\\test\\assets\\fo-dicom\\JPEGwithIcon.dcm","size":62560}
{"data_set":{"00020010":{"Value":["1.2.840.10008.1.2.4.70"],"vr":"UI"},"00080018":{"Value":["1.3.12.2.1107.4"],"vr":"UI"}},"path":"..\\..\\..\\test\\assets\\fo-dicom\\OutOfBoundsOverlay.dcm","size":1021034}
{"data_set":{"00020010":{"Value":["1.2.840.10008.1.2"],"vr":"UI"},"00080018":{"Value":["1.2.246.352.62.1.5599711233535506734.3511653007853770649"],"vr":"UI"}},"path":"..\\..\\..\\test\\assets\\fo-dicom\\RI6XDosiGap.dcm","size":1576330}
{"data_set":{"00020010":{"Value":["1.2.840.10008.1.2.1"],"vr":"UI"},"00080018":{"Value":["1.2.276.0.7230010.3.1.4.253549293.71980.1553087539.935"],"vr":"UI"}},"path":"..\\..\\..\\test\\assets\\fo-dicom\\TestPattern_Palette.dcm","size":258228}
{"data_set":{"00020010":{"Value":["1.2.840.10008.1.2.1"],"vr":"UI"},"00080018":{"Value":["1.2.276.0.7230010.3.1.4.253549293.66624.1553087957.298"],"vr":"UI"}},"path":"..\\..\\..\\test\\assets\\fo-dicom\\TestPattern_Palette_16.dcm","size":258972}
{"data_set":{"00020010":{"Value":["1.2.840.10008.1.2.1"],"vr":"UI"},"00080018":{"Value":["1.3.6.1.4.1.34261.90254037371867.41912.1553085024.0"],"vr":"UI"}},"path":"..\\..\\..\\test\\assets\\fo-dicom\\TestPattern_RGB.dcm","size":769114}
{"data_set":{"00020010":{"Value":["1.2.840.10008.1.2.4.50"],"vr":"UI"},"00080018":{"Value":["2.25.133464290572026674890405731541888753060"],"vr":"UI"}},"path":"..\\..\\..\\test\\assets\\fo-dicom\\genFile.dcm","size":262834}
{"data_set":{"00020010":{"Value":["1.2.840.10008.1.2.1"],"vr":"UI"},"00080018":{"Value":["2.16.756.5.5.100.397184556.7220.1373578035.1.0"],"vr":"UI"}},"path":"..\\..\\..\\test\\assets\\fo-dicom\\mr_brucker.dcm","size":266310}
{"data_set":{"00020010":{"Value":["1.2.840.10008.1.2.4.50"],"vr":"UI"},"00080018":{"Value":["1.2.826.0.1.3680043.10.296.637753540600535678"],"vr":"UI"}},"path":"..\\..\\..\\test\\assets\\fo-dicom\\multiframe.dcm","size":563864}
