---
source: dcmfx_cli/tests/modify.rs
expression: get_stderr(assert)
snapshot_kind: text
---
Error: The --photometric-interpretation-monochrome option is only valid when --transfer-syntax is specified
Error: ()
