---
source: dcmfx_cli/tests/modify.rs
expression: get_stderr(assert)
snapshot_kind: text
---
The --effort option is only valid when --transfer-syntax is specified
Error: ()
